// Jest Snapshot v1, https://goo.gl/fbAQLP

exports[`<ListItem /> renders correctly 1`] = `
<View
  style={
    Array [
      Object {
        "alignItems": "stretch",
        "alignSelf": "stretch",
        "backgroundColor": "white",
        "borderBottomWidth": 0.5,
        "minHeight": 44,
        "paddingBottom": 15,
        "paddingTop": 15,
      },
    ]
  }
>
  <View
    style={
      Array [
        Object {
          "paddingLeft": 8,
          "paddingRight": 8,
        },
        undefined,
      ]
    }
  >
    <View
      style={
        Array [
          Object {
            "alignItems": "center",
            "alignSelf": "stretch",
            "flexDirection": "row",
          },
          undefined,
          undefined,
        ]
      }
    >
      <View
        style={
          Object {
            "paddingRight": 8,
          }
        }
      />
      <View
        style={
          Array [
            undefined,
          ]
        }
      />
    </View>
  </View>
</View>
`;
